// Jest Snapshot v1, https://goo.gl/fbAQLP

exports[`HeaderMobileNavButton renders the UI snapshot correctly 1`] = `
<div
  className="css-0"
>
  <div
    data-focus-guard={true}
    style={
      {
        "height": "0px",
        "left": "1px",
        "overflow": "hidden",
        "padding": 0,
        "position": "fixed",
        "top": "1px",
        "width": "1px",
      }
    }
    tabIndex={-1}
  />
  <div
    data-focus-lock-disabled="disabled"
    onBlur={[Function]}
    onFocus={[Function]}
  >
    <button
      aria-expanded={null}
      aria-haspopup="true"
      aria-label="Open Navigation"
      className="chakra-button css-l47gnk"
      id="mobileNav-btn"
      onClick={[Function]}
      type="button"
    >
      <svg
        aria-hidden={true}
        className="chakra-icon css-1vgifmd"
        data-file-name="SvgUtilityHamburger"
        focusable={false}
        role="img"
        title="utilityHamburger icon"
      />
    </button>
  </div>
  <div
    data-focus-guard={true}
    style={
      {
        "height": "0px",
        "left": "1px",
        "overflow": "hidden",
        "padding": 0,
        "position": "fixed",
        "top": "1px",
        "width": "1px",
      }
    }
    tabIndex={-1}
  />
</div>
`;
